WARNING:root:this is warning msg
INFO:root:this is info msg
DEBUG:root:this is debug msg
WARNING:root:this is warning msg
INFO:root:this is info msg
DEBUG:root:this is debug msg
WARNING:root:this is warning msg
INFO:root:this is info msg
DEBUG:root:this is debug msg
WARNING:root:this is warning msg
INFO:root:this is info msg
DEBUG:root:this is debug msg
WARNING:root:this is warning msg
INFO:root:this is info msg
DEBUG:root:this is debug msg
WARNING:root:this is warning msg
INFO:root:this is info msg
DEBUG:root:this is debug msg
WARNING:root:this is warning msg
INFO:root:this is info msg
DEBUG:root:this is debug msg
WARNING:root:this is warning msg
INFO:root:this is info msg
DEBUG:root:this is debug msg
WARNING:root:this is warning msg
INFO:root:this is info msg
DEBUG:root:this is debug msg
WARNING:root:this is warning msg
INFO:root:this is info msg
DEBUG:root:this is debug msg
WARNING:root:this is warning msg
INFO:root:this is info msg
DEBUG:root:this is debug msg
WARNING:root:this is warning msg
INFO:root:this is info msg
DEBUG:root:this is debug msg
WARNING:root:this is warning msg
INFO:root:this is info msg
DEBUG:root:this is debug msg
WARNING:root:this is warning msg
INFO:root:this is info msg
DEBUG:root:this is debug msg
WARNING:root:this is warning msg
INFO:root:this is info msg
DEBUG:root:this is debug msg
WARNING:root:this is warning msg
INFO:root:this is info msg
DEBUG:root:this is debug msg
WARNING:root:this is warning msg
INFO:root:this is info msg
DEBUG:root:this is debug msg
WARNING:root:this is warning msg
INFO:root:this is info msg
DEBUG:root:this is debug msg
WARNING:root:this is warning msg
INFO:root:this is info msg
DEBUG:root:this is debug msg
WARNING:root:this is warning msg
INFO:root:this is info msg
DEBUG:root:this is debug msg
WARNING:root:this is warning msg
INFO:root:this is info msg
DEBUG:root:this is debug msg
WARNING:root:this is warning msg
INFO:root:this is info msg
DEBUG:root:this is debug msg
WARNING:root:this is warning msg
INFO:root:this is info msg
DEBUG:root:this is debug msg
WARNING:root:this is warning msg
INFO:root:this is info msg
DEBUG:root:this is debug msg
WARNING:root:this is warning msg
INFO:root:this is info msg
DEBUG:root:this is debug msg
WARNING:root:this is warning msg
INFO:root:this is info msg
DEBUG:root:this is debug msg
WARNING:root:this is warning msg
INFO:root:this is info msg
DEBUG:root:this is debug msg
WARNING:root:this is warning msg
INFO:root:this is info msg
DEBUG:root:this is debug msg
WARNING:root:this is warning msg
INFO:root:this is info msg
DEBUG:root:this is debug msg
WARNING:root:this is warning msg
INFO:root:this is info msg
DEBUG:root:this is debug msg
WARNING:root:this is warning msg
INFO:root:this is info msg
DEBUG:root:this is debug msg
WARNING:root:this is warning msg
INFO:root:this is info msg
DEBUG:root:this is debug msg
WARNING:root:this is warning msg
INFO:root:this is info msg
DEBUG:root:this is debug msg
WARNING:root:this is warning msg
INFO:root:this is info msg
DEBUG:root:this is debug msg
WARNING:root:this is warning msg
INFO:root:this is info msg
DEBUG:root:this is debug msg
WARNING:root:this is warning msg
INFO:root:this is info msg
DEBUG:root:this is debug msg
WARNING:root:this is warning msg
INFO:root:this is info msg
DEBUG:root:this is debug msg
WARNING:root:this is warning msg
INFO:root:this is info msg
DEBUG:root:this is debug msg
WARNING:root:this is warning msg
INFO:root:this is info msg
DEBUG:root:this is debug msg
WARNING:root:this is warning msg
INFO:root:this is info msg
DEBUG:root:this is debug msg
WARNING:root:this is warning msg
INFO:root:this is info msg
DEBUG:root:this is debug msg
WARNING:root:this is warning msg
INFO:root:this is info msg
DEBUG:root:this is debug msg
WARNING:root:this is warning msg
INFO:root:this is info msg
DEBUG:root:this is debug msg
WARNING:root:this is warning msg
INFO:root:this is info msg
DEBUG:root:this is debug msg
WARNING:root:this is warning msg
INFO:root:this is info msg
DEBUG:root:this is debug msg
WARNING:root:this is warning msg
INFO:root:this is info msg
DEBUG:root:this is debug msg
WARNING:root:this is warning msg
INFO:root:this is info msg
DEBUG:root:this is debug msg
WARNING:root:this is warning msg
INFO:root:this is info msg
DEBUG:root:this is debug msg
WARNING:root:this is warning msg
INFO:root:this is info msg
DEBUG:root:this is debug msg
WARNING:root:this is warning msg
INFO:root:this is info msg
DEBUG:root:this is debug msg
WARNING:root:this is warning msg
INFO:root:this is info msg
DEBUG:root:this is debug msg
WARNING:root:this is warning msg
INFO:root:this is info msg
DEBUG:root:this is debug msg
WARNING:root:this is warning msg
INFO:root:this is info msg
DEBUG:root:this is debug msg
WARNING:root:this is warning msg
INFO:root:this is info msg
DEBUG:root:this is debug msg
WARNING:root:this is warning msg
INFO:root:this is info msg
DEBUG:root:this is debug msg
